/usr/share/texlive/texmf-dist/bibtex/bst/mslapa/mslapa.bst
/usr/share/texlive/texmf-dist/bibtex/bst/mciteplus/apsrmpM.bst
/usr/share/texlive/texmf-dist/bibtex/bst/mciteplus/IEEEtranM.bst
/usr/share/texlive/texmf-dist/bibtex/bst/mciteplus/apsrevM.bst
/usr/share/texlive/texmf-dist/bibtex/bst/mciteplus/IEEEtranMN.bst
/usr/share/texlive/texmf-dist/bibtex/bst/base/plain.bst
/usr/share/texlive/texmf-dist/bibtex/bst/base/abbrv.bst
/usr/share/texlive/texmf-dist/bibtex/bst/base/unsrt.bst
/usr/share/texlive/texmf-dist/bibtex/bst/base/apalike.bst
/usr/share/texlive/texmf-dist/bibtex/bst/base/siam.bst
/usr/share/texlive/texmf-dist/bibtex/bst/base/ieeetr.bst
/usr/share/texlive/texmf-dist/bibtex/bst/base/acm.bst
/usr/share/texlive/texmf-dist/bibtex/bst/base/alpha.bst
/usr/share/texlive/texmf-dist/bibtex/bst/frankenstein/achicago.bst
/usr/share/texlive/texmf-dist/bibtex/bst/dinat/dinat.bst
/usr/share/texlive/texmf-dist/bibtex/bst/chet/chetref.bst
/usr/share/texlive/texmf-dist/bibtex/bst/index/xplain.bst
/usr/share/texlive/texmf-dist/bibtex/bst/index/xagsm.bst
/usr/share/texlive/texmf-dist/bibtex/bst/savetrees/savetrees.bst
/usr/share/texlive/texmf-dist/bibtex/bst/datatool/databib.bst
/usr/share/texlive/texmf-dist/bibtex/bst/natbib/plainnat.bst
/usr/share/texlive/texmf-dist/bibtex/bst/natbib/unsrtnat.bst
/usr/share/texlive/texmf-dist/bibtex/bst/natbib/abbrvnat.bst
/usr/share/texlive/texmf-dist/bibtex/bst/minitoc/fr-mtc.bst
/usr/share/texlive/texmf-dist/bibtex/bst/minitoc/en-mtc.bst
/usr/share/texlive/texmf-dist/bibtex/bst/gloss/glsshort.bst
/usr/share/texlive/texmf-dist/bibtex/bst/gloss/glsplain.bst
/usr/share/texlive/texmf-dist/bibtex/bst/amscls/amsalpha.bst
/usr/share/texlive/texmf-dist/bibtex/bst/amscls/amsplain.bst
/usr/share/texlive/texmf-dist/bibtex/bst/babelbib/babplain-lf.bst
/usr/share/texlive/texmf-dist/bibtex/bst/babelbib/babunsrt.bst
/usr/share/texlive/texmf-dist/bibtex/bst/babelbib/bababbr3-fl.bst
/usr/share/texlive/texmf-dist/bibtex/bst/babelbib/babunsrt-fl.bst
/usr/share/texlive/texmf-dist/bibtex/bst/babelbib/babunsrt-lf.bst
/usr/share/texlive/texmf-dist/bibtex/bst/babelbib/babplain-fl.bst
/usr/share/texlive/texmf-dist/bibtex/bst/babelbib/babalpha-lf.bst
/usr/share/texlive/texmf-dist/bibtex/bst/babelbib/babalpha-fl.bst
/usr/share/texlive/texmf-dist/bibtex/bst/babelbib/bababbr3.bst
/usr/share/texlive/texmf-dist/bibtex/bst/babelbib/bababbr3-lf.bst
/usr/share/texlive/texmf-dist/bibtex/bst/babelbib/bababbrv-fl.bst
/usr/share/texlive/texmf-dist/bibtex/bst/babelbib/babplain.bst
/usr/share/texlive/texmf-dist/bibtex/bst/babelbib/babplai3.bst
/usr/share/texlive/texmf-dist/bibtex/bst/babelbib/bababbrv-lf.bst
/usr/share/texlive/texmf-dist/bibtex/bst/babelbib/babplai3-fl.bst
/usr/share/texlive/texmf-dist/bibtex/bst/babelbib/babamspl.bst
/usr/share/texlive/texmf-dist/bibtex/bst/babelbib/babplai3-lf.bst
/usr/share/texlive/texmf-dist/bibtex/bst/babelbib/bababbrv.bst
/usr/share/texlive/texmf-dist/bibtex/bst/babelbib/babalpha.bst
/usr/share/texlive/texmf-dist/bibtex/bst/dlfltxb/dlfltxbbibtex.bst
/usr/share/texlive/texmf-dist/bibtex/bst/dvdcoll/dcbib.bst
/usr/share/texlive/texmf-dist/bibtex/bst/adrconv/adrconv.bst
/usr/share/texlive/texmf-dist/bibtex/bst/adrconv/adrbirthday.bst
/usr/share/texlive/texmf-dist/bibtex/bst/adrconv/adrfax.bst
/usr/share/texlive/texmf-dist/bibtex/bst/achemso/biochem.bst
/usr/share/texlive/texmf-dist/bibtex/bst/achemso/achemso.bst
/usr/share/texlive/texmf-dist/bibtex/bst/opcit/opcit.bst
/usr/share/texlive/texmf-dist/bibtex/bst/abstyles/aalpha.bst
/usr/share/texlive/texmf-dist/bibtex/bst/abstyles/aunsnot.bst
/usr/share/texlive/texmf-dist/bibtex/bst/abstyles/aplain.bst
/usr/share/texlive/texmf-dist/bibtex/bst/abstyles/aunsrt.bst
/usr/share/texlive/texmf-dist/bibtex/bst/abstyles/anotit.bst
/usr/share/texlive/texmf-dist/bibtex/bst/abstyles/aabbrv.bst
/usr/share/texlive/texmf-dist/bibtex/bst/dtk/dtk.bst
/usr/share/texlive/texmf-dist/bibtex/bst/hc/hc-en.bst
/usr/share/texlive/texmf-dist/bibtex/bst/hc/hc-de.bst
/usr/share/texlive/texmf-dist/bibtex/bst/shipunov/rusnat.bst
/usr/share/texlive/texmf-dist/bibtex/bst/computational-complexity/cc.bst
/usr/share/texlive/texmf-dist/bibtex/bst/computational-complexity/cc2.bst
/usr/share/texlive/texmf-dist/bibtex/bst/directory/letter.bst
/usr/share/texlive/texmf-dist/bibtex/bst/directory/phone.bst
/usr/share/texlive/texmf-dist/bibtex/bst/directory/address-html.bst
/usr/share/texlive/texmf-dist/bibtex/bst/directory/email-html.bst
/usr/share/texlive/texmf-dist/bibtex/bst/directory/address-vcard.bst
/usr/share/texlive/texmf-dist/bibtex/bst/directory/address-ldif.bst
/usr/share/texlive/texmf-dist/bibtex/bst/directory/address.bst
/usr/share/texlive/texmf-dist/bibtex/bst/directory/email.bst
/usr/share/texlive/texmf-dist/bibtex/bst/directory/birthday.bst
