/usr/share/texlive/texmf-dist/tex/generic/xypic/movie.cls
/usr/share/texmf/tex/latex/prosper/prosper.cls
/usr/share/texmf/tex/latex/beamer/base/beamer.cls
/usr/share/texmf/tex/latex/lyx/revtex.cls
/usr/share/texmf/tex/latex/lyx/broadway.cls
/usr/share/texmf/tex/latex/lyx/hollywood.cls
/usr/share/texlive/texmf-dist/tex/latex/simplecv/simplecv.cls
/usr/share/texlive/texmf-dist/tex/latex/standalone/standalone.cls
/usr/share/texlive/texmf-dist/tex/latex/iwhdp/iwhdp.cls
/usr/share/texlive/texmf-dist/tex/latex/koma-script/scrartcl.cls
/usr/share/texlive/texmf-dist/tex/latex/koma-script/scrlettr.cls
/usr/share/texlive/texmf-dist/tex/latex/koma-script/scrbook.cls
/usr/share/texlive/texmf-dist/tex/latex/koma-script/scrlttr2.cls
/usr/share/texlive/texmf-dist/tex/latex/koma-script/scrdoc.cls
/usr/share/texlive/texmf-dist/tex/latex/koma-script/scrreprt.cls
/usr/share/texlive/texmf-dist/tex/latex/cweb-latex/cweb.cls
/usr/share/texlive/texmf-dist/tex/latex/ltxdockit/ltxdockit.cls
/usr/share/texlive/texmf-dist/tex/latex/qcm/qcm.cls
/usr/share/texlive/texmf-dist/tex/latex/assignment/assignment.cls
/usr/share/texlive/texmf-dist/tex/latex/examdesign/examdesign.cls
/usr/share/texlive/texmf-dist/tex/latex/octavo/octavo.cls
/usr/share/texlive/texmf-dist/tex/latex/emulateapj/emulateapj.cls
/usr/share/texlive/texmf-dist/tex/latex/meetingmins/meetingmins.cls
/usr/share/texlive/texmf-dist/tex/latex/a0poster/a0poster.cls
/usr/share/texlive/texmf-dist/tex/latex/akletter/akletter.cls
/usr/share/texlive/texmf-dist/tex/latex/akletter/myletter.cls
/usr/share/texlive/texmf-dist/tex/latex/pecha/pecha.cls
/usr/share/texlive/texmf-dist/tex/latex/sciposter/sciposter.cls
/usr/share/texlive/texmf-dist/tex/latex/base/book.cls
/usr/share/texlive/texmf-dist/tex/latex/base/ltnews.cls
/usr/share/texlive/texmf-dist/tex/latex/base/report.cls
/usr/share/texlive/texmf-dist/tex/latex/base/slides.cls
/usr/share/texlive/texmf-dist/tex/latex/base/ltxguide.cls
/usr/share/texlive/texmf-dist/tex/latex/base/ltxdoc.cls
/usr/share/texlive/texmf-dist/tex/latex/base/minimal.cls
/usr/share/texlive/texmf-dist/tex/latex/base/letter.cls
/usr/share/texlive/texmf-dist/tex/latex/base/article.cls
/usr/share/texlive/texmf-dist/tex/latex/base/proc.cls
/usr/share/texlive/texmf-dist/tex/latex/limap/limap.cls
/usr/share/texlive/texmf-dist/tex/latex/texpower/powersem.cls
/usr/share/texlive/texmf-dist/tex/latex/leaflet/leaflet.cls
/usr/share/texlive/texmf-dist/tex/latex/pbsheet/pbsheet.cls
/usr/share/texlive/texmf-dist/tex/latex/isodoc/isodoc.cls
/usr/share/texlive/texmf-dist/tex/latex/curve/curve.cls
/usr/share/texlive/texmf-dist/tex/latex/powerdot/powerdot.cls
/usr/share/texlive/texmf-dist/tex/latex/lettre/lettre.cls
/usr/share/texlive/texmf-dist/tex/latex/paper/journal.cls
/usr/share/texlive/texmf-dist/tex/latex/paper/paper.cls
/usr/share/texlive/texmf-dist/tex/latex/gmdoc/gmdocc.cls
/usr/share/texlive/texmf-dist/tex/latex/papertex/papertex.cls
/usr/share/texlive/texmf-dist/tex/latex/ltxmisc/beletter.cls
/usr/share/texlive/texmf-dist/tex/latex/ltxmisc/abstbook.cls
/usr/share/texlive/texmf-dist/tex/latex/ltxmisc/flashcard.cls
/usr/share/texlive/texmf-dist/tex/latex/ltxmisc/iagproc.cls
/usr/share/texlive/texmf-dist/tex/latex/ydoc/ydoc.cls
/usr/share/texlive/texmf-dist/tex/latex/knittingpattern/knittingpattern.cls
/usr/share/texlive/texmf-dist/tex/latex/mycv/mycv.cls
/usr/share/texlive/texmf-dist/tex/latex/flacards/flacards.cls
/usr/share/texlive/texmf-dist/tex/latex/facsimile/facsimile.cls
/usr/share/texlive/texmf-dist/tex/latex/hletter/hletter.cls
/usr/share/texlive/texmf-dist/tex/latex/extsizes/extproc.cls
/usr/share/texlive/texmf-dist/tex/latex/extsizes/extarticle.cls
/usr/share/texlive/texmf-dist/tex/latex/extsizes/extbook.cls
/usr/share/texlive/texmf-dist/tex/latex/extsizes/extreport.cls
/usr/share/texlive/texmf-dist/tex/latex/extsizes/extletter.cls
/usr/share/texlive/texmf-dist/tex/latex/stex/cnx/cnx.cls
/usr/share/texlive/texmf-dist/tex/latex/stex/omdoc/omdoc.cls
/usr/share/texlive/texmf-dist/tex/latex/stex/mikoslides/mikoslides.cls
/usr/share/texlive/texmf-dist/tex/latex/stex/hwexam/hwexam.cls
/usr/share/texlive/texmf-dist/tex/latex/iso/isov2.cls
/usr/share/texlive/texmf-dist/tex/latex/exam/exam.cls
/usr/share/texlive/texmf-dist/tex/latex/chletter/chletter.cls
/usr/share/texlive/texmf-dist/tex/latex/recipe/recipe.cls
/usr/share/texlive/texmf-dist/tex/latex/labbook/labbook.cls
/usr/share/texlive/texmf-dist/tex/latex/tkz-doc/tkz-doc.cls
/usr/share/texlive/texmf-dist/tex/latex/nlctdoc/nlctdoc.cls
/usr/share/texlive/texmf-dist/tex/latex/image-gallery/image-gallery.cls
/usr/share/texlive/texmf-dist/tex/latex/seminar/seminar.cls
/usr/share/texlive/texmf-dist/tex/latex/bhcexam/BHCexam.cls
/usr/share/texlive/texmf-dist/tex/latex/recipecard/recipecard.cls
/usr/share/texlive/texmf-dist/tex/latex/europecv/europecv.cls
/usr/share/texlive/texmf-dist/tex/latex/harnon-cv/harnon-cv.cls
/usr/share/texlive/texmf-dist/tex/latex/ncclatex/sibjnm.cls
/usr/share/texlive/texmf-dist/tex/latex/ncclatex/ncc.cls
/usr/share/texlive/texmf-dist/tex/latex/ncclatex/nccproc.cls
/usr/share/texlive/texmf-dist/tex/latex/tcldoc/tcldoc.cls
/usr/share/texlive/texmf-dist/tex/latex/tcldoc/tclldoc.cls
/usr/share/texlive/texmf-dist/tex/latex/combine/combine.cls
/usr/share/texlive/texmf-dist/tex/latex/hepthesis/hepthesis.cls
/usr/share/texlive/texmf-dist/tex/latex/amscls/amsdtx.cls
/usr/share/texlive/texmf-dist/tex/latex/amscls/amsldoc.cls
/usr/share/texlive/texmf-dist/tex/latex/amscls/amsproc.cls
/usr/share/texlive/texmf-dist/tex/latex/amscls/amsbook.cls
/usr/share/texlive/texmf-dist/tex/latex/amscls/amsart.cls
/usr/share/texlive/texmf-dist/tex/latex/upmethodology/upmethodology-document.cls
/usr/share/texlive/texmf-dist/tex/latex/sffms/sffms.cls
/usr/share/texlive/texmf-dist/tex/latex/skb/skbbook.cls
/usr/share/texlive/texmf-dist/tex/latex/skb/skbbeamer.cls
/usr/share/texlive/texmf-dist/tex/latex/skb/skbmoderncv.cls
/usr/share/texlive/texmf-dist/tex/latex/skb/skblncsppt.cls
/usr/share/texlive/texmf-dist/tex/latex/skb/skblncsbeamer.cls
/usr/share/texlive/texmf-dist/tex/latex/skb/skbarticle.cls
/usr/share/texlive/texmf-dist/tex/latex/ntgclass/boek.cls
/usr/share/texlive/texmf-dist/tex/latex/ntgclass/rapport1.cls
/usr/share/texlive/texmf-dist/tex/latex/ntgclass/artikel1.cls
/usr/share/texlive/texmf-dist/tex/latex/ntgclass/artikel3.cls
/usr/share/texlive/texmf-dist/tex/latex/ntgclass/boek3.cls
/usr/share/texlive/texmf-dist/tex/latex/ntgclass/artikel2.cls
/usr/share/texlive/texmf-dist/tex/latex/ntgclass/rapport3.cls
/usr/share/texlive/texmf-dist/tex/latex/ntgclass/brief.cls
/usr/share/texlive/texmf-dist/tex/latex/dinbrief/dinbrief.cls
/usr/share/texlive/texmf-dist/tex/latex/kerntest/kerntest.cls
/usr/share/texlive/texmf-dist/tex/latex/hitec/hitec.cls
/usr/share/texlive/texmf-dist/tex/latex/elpres/elpres.cls
/usr/share/texlive/texmf-dist/tex/latex/cd/cd.cls
/usr/share/texlive/texmf-dist/tex/latex/uebungsblatt/uebungsblatt.cls
/usr/share/texlive/texmf-dist/tex/latex/protocol/protocol.cls
/usr/share/texlive/texmf-dist/tex/latex/dvdcoll/dvdcoll.cls
/usr/share/texlive/texmf-dist/tex/latex/pittetd/pittetd.cls
/usr/share/texlive/texmf-dist/tex/latex/coursepaper/coursepaper.cls
/usr/share/texlive/texmf-dist/tex/latex/achemso/achemso.cls
/usr/share/texlive/texmf-dist/tex/latex/dtk/dtk.cls
/usr/share/texlive/texmf-dist/tex/latex/subfiles/subfiles.cls
/usr/share/texlive/texmf-dist/tex/latex/ppr-prv/ppr-prv.cls
/usr/share/texlive/texmf-dist/tex/latex/talk/talk.cls
/usr/share/texlive/texmf-dist/tex/latex/postcards/postcards.cls
/usr/share/texlive/texmf-dist/tex/latex/akktex/akktecdoc.cls
/usr/share/texlive/texmf-dist/tex/latex/akktex/akklecture.cls
/usr/share/texlive/texmf-dist/tex/latex/akktex/akkscript.cls
/usr/share/texlive/texmf-dist/tex/latex/ecv/ecv.cls
/usr/share/texlive/texmf-dist/tex/latex/newlfm/newlfm.cls
/usr/share/texlive/texmf-dist/tex/latex/memoir/memoir.cls
/usr/share/texlive/texmf-dist/tex/latex/petiteannonce/petiteannonce.cls
/usr/share/texlive/texmf-dist/tex/latex/hc/hcletter.cls
/usr/share/texlive/texmf-dist/tex/latex/hc/hcart.cls
/usr/share/texlive/texmf-dist/tex/latex/hc/hcslides.cls
/usr/share/texlive/texmf-dist/tex/latex/hc/hcreport.cls
/usr/share/texlive/texmf-dist/tex/latex/l3kernel/l3doc.cls
/usr/share/texlive/texmf-dist/tex/latex/tufte-latex/tufte-handout.cls
/usr/share/texlive/texmf-dist/tex/latex/tufte-latex/tufte-book.cls
/usr/share/texlive/texmf-dist/tex/latex/g-brief/g-brief2.cls
/usr/share/texlive/texmf-dist/tex/latex/g-brief/g-brief.cls
/usr/share/texlive/texmf-dist/tex/latex/mdframed/ltxmdf.cls
/usr/share/texlive/texmf-dist/tex/latex/timesht/timesht.cls
/usr/share/texlive/texmf-dist/tex/latex/cd-cover/cd-cover.cls
/usr/share/texlive/texmf-dist/tex/latex/concprog/ConcProg.cls
/usr/share/texlive/texmf-dist/tex/latex/hpsdiss/hpsdiss.cls
/usr/share/texlive/texmf-dist/tex/latex/moderncv/moderncv.cls
/usr/share/texlive/texmf-dist/tex/latex/flashcards/flashcards.cls
/usr/share/texlive/texmf-dist/tex/latex/courseoutline/courseoutline.cls
/usr/share/texlive/texmf-dist/tex/latex/shipunov/etiketka.cls
/usr/share/texlive/texmf-dist/tex/latex/shipunov/cassete.cls
/usr/share/texlive/texmf-dist/tex/latex/codedoc/codedoc.cls
/usr/share/texlive/texmf-dist/tex/latex/computational-complexity/cc.cls
/usr/share/texlive/texmf-dist/tex/latex/refman/refart.cls
/usr/share/texlive/texmf-dist/tex/latex/refman/refrep.cls
/usr/share/texlive/texmf-dist/tex/latex/bookest/bookest.cls
/usr/share/texlive/texmf-dist/tex/latex/cdpbundl/lettcdpadi.cls
/usr/share/texlive/texmf-dist/tex/latex/cdpbundl/letteracdp.cls
/usr/share/texlive/texmf-dist/tex/latex/cdpbundl/articoletteracdp.cls
/usr/share/texlive/texmf-dist/tex/generic/xypic/movie.cls
